invalid input: option "-h" requires the option(s) [-l]
check if input is correct
