schem1.rar rwx 04/01/2018 23:33:54 1.8837890625 KB
schedule_bachelors_masters_2017-2018(1).pdf rwx 04/07/2018 01:35:30 466.7880859375 KB
Read_me.txt rwx 11/14/2004 22:12:48 1.9326171875 KB
imp.txt rwx 12/07/2017 04:04:18 0.5205078125 KB
English rwx 04/08/2018 14:48:49 0.0 KB
ddd.txt rwx 12/21/2017 21:54:44 0.654296875 KB
compas_eng_rus_v43.exe rwx 10/16/2005 14:54:58 1.762115478515625 MB
