15.4873046875 KB04/09/2018 04:10:42rwx TestDoc.docx