invalid input: Argument "dir" is required
file path is not set
